hasPath, From: 2 , To: 3 

Edge inserted:  2 -> 1 
Edge inserted:  2 -> 3 


hasPath: 1 

