Tree:
                      1000
                       /
                     100
                     /
                    99
                   /
                  33
                 /
                23
               /
              13
             /
            10
           /
          9
         /
        7
       /
      6
     /
    3
   /
  2
 /
1

#nodes = 13,  #leaves = 1
Infix  : 1 2 3 6 7 9 10 13 23 33 99 100 1000 
Prefix : 1000 100 99 33 23 13 10 9 7 6 3 2 1 
Postfix: 1 2 3 6 7 9 10 13 23 33 99 100 1000 
ByLevel: 1000 100 99 33 23 13 10 9 7 6 3 2 1 
